0   1   2   3   4
1   2   3   4   5
2   3   4   5   6
3   4   5   6   7
4   5   6   7   8

0   1   2   3   4
1   2   3   4   5
2   3   4   5   6
3   4   5   6   7
4   5   6   7   8

30   40   50   60   70
40   55   70   85   100
50   70   90   110   130
60   85   110   135   160
70   100   130   160   190
